c MaxHS 4.0.0
c Instance: scaling_results/graph_s0.1.wcnf
c Parameter Settings
c ============================================
c  A: General MaxHS Options
c   fbeq = false, printOptions = true, printBstSoln = true, printSoln = true,
c   printSoln-new-format = true, version = false, abstract-cores2greedy = false, tolerance = 1e-06,
c   mem-lim = 2147483647, coretype = 0, cpu-lim = 600, verb = 2,
c   sverb = 0,
c 
c  B: MaxHS with abstractions Options
c   abstract = true, 1st-abstract-gap = 5, abstract-gap = 1, exhaust-cpu-lim = 3,
c   abs-cpu = 256, abstract-max-ave-size = 100, abstract-max_core_size = 1000, abstract-min-cores = 2,
c   cplex-greedy = 0, abstract-greedy_cores = 2, abstract-cplex_cores = 2, abstract-minsize = 2,
c  
c  C: Disjoint Phase Options
c   dsjnt = true, dsjnt-cpu-lim = 30, dsjnt-mus-cpu-lim = 10,
c 
c  D: Seeding Options
c   seed-learnts = true, all-seeded_2nd_abs_cpu = 240, all-seeded-1st-abs-cpu = 60, all-seeded-1st-cplex-cpu = 100,
c   seed_cpu_before_cplex = 200, seed-all-limit = 512, seed-max = 524288, seedtype = 3,
c  
c  E: Sequence of Sat Options
c   lp-harden = true, find-forced = false, improve-model = false, use-ub-mipstart = true,
c   optcores-cpu-lim = 10, max-cpu-improve-model = 10, max-cpu-before-cplex = 200, relaxfrac = 0.3,
c   max-size-improve-model = -1, sort-assumps = 0, max-cores-before-cplex = 300, frac-rampup-end = 512,
c   frac-rampup-start = 128, abstract-assumps = 1, nonopt = 3,
c 
c  F: Core Minimization Options
c   mus-min-red = 0.1, mus-cpu-lim = 2.5, mintype = 1, mverb = 0,
c  
c  G: CPLEX Options
c   cplex-tune = false, cplex-min-ticks = 4, cplex-threads = 1,
c 
c  H: CPLEX Solution Pool and Populate Options
c   cplextime-pop-cpu-lim = 7.5, ub-conflicts = 1, cplex-solnpool-cap = 256, cplex-pop-nsoln = 256,
c   cplex-populate = 1,
c 
c  I: Preprocessing Options
c   mx-constrain-hs = true, mx-seed-mxes = true, simplify-only = false, wcnf-harden = true,
c   wcnf-units = true, wcnf-eqs = true, preprocess = true, mx-cpu-lim = 15,
c   mx-find-mxes = 2, mx-mem-lim = 1536,
c 
c  J: Debugging Options
c   cplex-wrt-model = false, cplex-output = false, cplex-data-chk = true
c ============================================
c
c Instance: scaling_results/graph_s0.1.wcnf
c Dimacs Vars: 790
c Dimacs Clauses: 2126
c Dimacs Top: 1000000
c HARD: #Clauses = 1080, Total Lits = 2900, Ave Len = 2.6852 #units = 0
c SOFT: #Clauses = 946, Total Lits = 1830, Ave Len = 1.9345
c Total Soft Clause Weight (+ basecost): 7790760 (+ 0)
c SOFT%: 46.6930%
c #distinct weights: 336, mean = 8235.4757, std. dev = 9239.3346, min = 124, max = 42793
c Total Clauses: 2026
c Parse time: 0.000252
c Wcnf Space Required: 0.0000MB
c ================================
c transitionWts = [ ] (0)
c WCNF hardened 0 soft clauses
c WCNF eqs: found additional units after scc 85 pures 85
c WCNF units: found 91 units
c WCNF SCCs: found 150 strongly connected components
c WCNF removed: 391 variables
c WCNF removed: 807 hard clauses
c WCNF removed: 1939 lits from hard clauses
c WCNF removed: 12 soft clauses
c WCNF removed: 12 lits from softs clauses
c WCNF found 0 redundant hards and 294 duplicate or subsumed softs
c WCNF mutexes: #mutexes found = 0
c WCNF mx finder used 640 calls to UP engine
c WCNF mutexes: original #softs 640 #softs after mx-transforms 640
c WCNF mutexes: reduction in softs 0
c After WCNF Simplification
c HARD: #Clauses = 273, Total Lits = 961, Ave Len = 3.5201
c SOFT: #Clauses = 640, Total Lits = 1524, Ave Len = 2.3813
c Total Soft Clause Weight (+ basecost): 7741760 (+ 0), Dimacs Top = 1000000
c #distinct weights: 389, mean = 12096.5000, std. dev = 9935.3801, min = 124, max = 42793
c Total Clauses: 913
c Wcnf Space Required: 0.0202MB
c ================================
c Using IBM CPLEX version 22.1.1.0 under IBM's Academic Initiative licencing program
c Before solving sat solver has 751 clauses: 0 redundant, 751 irredundant.
c New UB found 859891
c Elapsed time 0.0005
c Init Bnds: SAT Time 0.0003
c Init Bnds: LB =0 UB = 859891
c Init Bnds: Forced 0 literals.
c Eqseed start: sat solver has 906 clauses: 155 redundant, 751 irredundant.
c cadical simplify took 0.0000
c fixed = 0 substitued = 0 eliminated = 0 total variables removed = 0 clauses in solver = 906 clauses removed = 0
c EqSeed: found 906 seedable constraints.
c EqSeed: 13 cores 0 non-cores 0 mixed-cores 893 ordinary clauses
c EqSeed: #seeded constraints 906
c EqSeed: cores            13 Ave length 3.5385
c EqSeed: non-cores        0 Ave length 0.0000
c EqSeed: mixed cores      0 Ave length 0.0000
c EqSeed: ordinary clauses 893 Ave length 3.8130
c CPLEX has full input theory
c All clauses seeded into CPLEX
c Disjoint Phase
c doMin = 1 mtime = 0.000093 average reduction = 0.0000
c SAT_MIN: F, In cnf size = 3, reduction = 0, Init Sat time: 0.0000, Min calls: 4, Min time: 0.0001
c Disjoint Conflict size = 3
c doMin = 1 mtime = 0.000167 average reduction = 0.0000
c SAT_MIN: F, In cnf size = 3, reduction = 0, Init Sat time: 0.0000, Min calls: 4, Min time: 0.0001
c Disjoint Conflict size = 3
c doMin = 1 mtime = 0.000391 average reduction = 0.0000
c SAT_MIN: F, In cnf size = 10, reduction = 0, Init Sat time: 0.0000, Min calls: 11, Min time: 0.0002
c Disjoint Conflict size = 10
c doMin = 1 mtime = 0.000485 average reduction = 0.0000
c SAT_MIN: F, In cnf size = 4, reduction = 0, Init Sat time: 0.0000, Min calls: 5, Min time: 0.0001
c Disjoint Conflict size = 4
c doMin = 1 mtime = 0.000644 average reduction = 0.0000
c SAT_MIN: F, In cnf size = 7, reduction = 0, Init Sat time: 0.0000, Min calls: 8, Min time: 0.0002
c Disjoint Conflict size = 7
c doMin = 1 mtime = 0.000736 average reduction = 0.0000
c SAT_MIN: F, In cnf size = 4, reduction = 0, Init Sat time: 0.0000, Min calls: 5, Min time: 0.0001
c Disjoint Conflict size = 4
c doMin = 1 mtime = 0.000851 average reduction = 0.0000
c SAT_MIN: F, In cnf size = 5, reduction = 0, Init Sat time: 0.0000, Min calls: 6, Min time: 0.0001
c Disjoint Conflict size = 5
c doMin = 1 mtime = 0.000921 average reduction = 0.0000
c SAT_MIN: F, In cnf size = 3, reduction = 0, Init Sat time: 0.0000, Min calls: 4, Min time: 0.0001
c Disjoint Conflict size = 3
c doMin = 1 mtime = 0.001009 average reduction = 0.0000
c SAT_MIN: F, In cnf size = 4, reduction = 0, Init Sat time: 0.0000, Min calls: 5, Min time: 0.0001
c Disjoint Conflict size = 4
c doMin = 1 mtime = 0.001077 average reduction = 0.0000
c SAT_MIN: F, In cnf size = 3, reduction = 0, Init Sat time: 0.0000, Min calls: 4, Min time: 0.0001
c Disjoint Conflict size = 3
c doMin = 1 mtime = 0.001282 average reduction = 0.0000
c SAT_MIN: F, In cnf size = 7, reduction = 0, Init Sat time: 0.0000, Min calls: 8, Min time: 0.0002
c Disjoint Conflict size = 7
c doMin = 1 mtime = 0.001380 average reduction = 0.0000
c SAT_MIN: F, In cnf size = 4, reduction = 0, Init Sat time: 0.0000, Min calls: 5, Min time: 0.0001
c Disjoint Conflict size = 4
c doMin = 1 mtime = 0.001519 average reduction = 0.0000
c SAT_MIN: F, In cnf size = 6, reduction = 0, Init Sat time: 0.0000, Min calls: 7, Min time: 0.0001
c Disjoint Conflict size = 6
c doMin = 1 mtime = 0.001723 average reduction = 0.0000
c SAT_MIN: F, In cnf size = 9, reduction = 0, Init Sat time: 0.0000, Min calls: 10, Min time: 0.0002
c Disjoint Conflict size = 9
c doMin = 1 mtime = 0.001864 average reduction = 0.0000
c SAT_MIN: F, In cnf size = 6, reduction = 0, Init Sat time: 0.0000, Min calls: 7, Min time: 0.0001
c Disjoint Conflict size = 6
c doMin = 1 mtime = 0.002002 average reduction = 0.0000
c SAT_MIN: F, In cnf size = 6, reduction = 0, Init Sat time: 0.0000, Min calls: 7, Min time: 0.0001
c Disjoint Conflict size = 6
c doMin = 1 mtime = 0.002141 average reduction = 0.0000
c SAT_MIN: F, In cnf size = 6, reduction = 0, Init Sat time: 0.0000, Min calls: 7, Min time: 0.0001
c Disjoint Conflict size = 6
c doMin = 1 mtime = 0.002288 average reduction = 0.0000
c SAT_MIN: F, In cnf size = 6, reduction = 0, Init Sat time: 0.0000, Min calls: 7, Min time: 0.0001
c Disjoint Conflict size = 6
c doMin = 1 mtime = 0.002432 average reduction = 0.0000
c SAT_MIN: F, In cnf size = 6, reduction = 0, Init Sat time: 0.0000, Min calls: 7, Min time: 0.0001
c Disjoint Conflict size = 6
c doMin = 1 mtime = 0.002541 average reduction = 0.0000
c SAT_MIN: F, In cnf size = 4, reduction = 0, Init Sat time: 0.0000, Min calls: 5, Min time: 0.0001
c Disjoint Conflict size = 4
c doMin = 1 mtime = 0.002690 average reduction = 0.0000
c SAT_MIN: F, In cnf size = 6, reduction = 0, Init Sat time: 0.0000, Min calls: 7, Min time: 0.0001
c Disjoint Conflict size = 6
c doMin = 1 mtime = 0.002839 average reduction = 0.0000
c SAT_MIN: F, In cnf size = 6, reduction = 0, Init Sat time: 0.0000, Min calls: 7, Min time: 0.0001
c Disjoint Conflict size = 6
c doMin = 1 mtime = 0.003012 average reduction = 0.0000
c SAT_MIN: F, In cnf size = 7, reduction = 0, Init Sat time: 0.0000, Min calls: 8, Min time: 0.0002
c Disjoint Conflict size = 7
c doMin = 1 mtime = 0.003161 average reduction = 0.0000
c SAT_MIN: F, In cnf size = 6, reduction = 0, Init Sat time: 0.0000, Min calls: 7, Min time: 0.0001
c Disjoint Conflict size = 6
c doMin = 1 mtime = 0.003346 average reduction = 0.0050
c satsolve_min added new clause of size 7: from conflict
c SAT_MIN: F, In cnf size = 8, reduction = 1, Init Sat time: 0.0000, Min calls: 9, Min time: 0.0002
c Disjoint Conflict size = 7
c doMin = 1 mtime = 0.003500 average reduction = 0.0144
c satsolve_min added new clause of size 6: from conflict
c SAT_MIN: F, In cnf size = 8, reduction = 2, Init Sat time: 0.0000, Min calls: 8, Min time: 0.0002
c Disjoint Conflict size = 6
c doMin = 1 mtime = 0.003651 average reduction = 0.0139
c SAT_MIN: F, In cnf size = 6, reduction = 0, Init Sat time: 0.0000, Min calls: 7, Min time: 0.0002
c Disjoint Conflict size = 6
c doMin = 1 mtime = 0.003838 average reduction = 0.0134
c SAT_MIN: F, In cnf size = 7, reduction = 0, Init Sat time: 0.0000, Min calls: 8, Min time: 0.0002
c Disjoint Conflict size = 7
c doMin = 1 mtime = 0.004040 average reduction = 0.0129
c SAT_MIN: F, In cnf size = 7, reduction = 0, Init Sat time: 0.0001, Min calls: 8, Min time: 0.0002
c Disjoint Conflict size = 7
c SAT_MIN: T, Init Sat time: 0.0002, Min calls: 0, Min time: 0.0000
c Dsjnt: #Cores 29 with total weight 146915 LB 146915 UB 859891
c Dsjnt: Avg Core Size 5.6552
c Dsjnt: Time 0.0049
c CPLEX: += 935 Average size = 3.8663
c Initial solve: add to CPLEX 935 constraints
c Cplex solve passed UB = 0.000000 current LB = 0.000000
c CPLEX returns incumbent with cost 519202 and lower bound of 519202 time = 0.1968
c CPLEX solution cost = 519202 lower bound = 519202
c CPLEX found optimal solution to its current model
c after CPLEX bnds: LB = 519202 UB = 859891 gap = 340689
c Init assumptions with 573 lits
c New UB found 519202
c Elapsed time 0.2030
c Solved by CPLEX model.
o 519202
s OPTIMUM FOUND
v 1111111111111111011100111111111111111111111111111010111011111111011011110101111101100111001110011011010000000000100000000010101110000000000000000000000000000000000000001000010010000000000000010010100100000000000100000010001000000110000001110001000000001000110001100000001000100000000000010000000000000000000100010000010010010000000110000001011101111000110111011001110110001011110111110110011111111111111111011111111101111100110101100111101110101001011110110010011111110111101011101111111110111111101011101011011101100111101100111010111111010111111100111111011111111111111100010111110111111111110111011111001010011111111111001110111001011011000000000001010000000000000000001011000100001110001000000000101000110101011110101000000000000100100000010000100100000110000100100000000110100011000001
c Solved: Number of falsified softs = 146
c SAT: #calls 227
c SAT: Total time 0.0092
c SAT: #muser calls 29 (100.0000 % successful)
c SAT: Minimize time 0.0040 (43.9943%)
c SAT: Avg constraint minimization 0.0032
c SAT: number of variables substituted 0
c GREEDY: #calls 0
c GREEDY: Total time 0.0000
c CPLEX: #calls 1
c CPLEX: Total time 0.1968
c CPLEX: #constraints 935
c CPLEX: Avg constraint size 3.8663
c CPLEX: #non-core constraints 689
c CPLEX: Ave non-core size 3.9071
c LP-Bounds: Total time 0.0000
c LP-Bounds: #calls 0
c LP-Bounds: Forced 0 variables
c MEM MB: 41.0000
c CPU: 0.2055
